mode: set
github.com/mdigger/pgfmt/conv.go:51.43,52.16 1 1
github.com/mdigger/pgfmt/conv.go:52.16,54.3 1 1
github.com/mdigger/pgfmt/conv.go:57.2,58.44 2 1
github.com/mdigger/pgfmt/conv.go:58.44,59.27 1 1
github.com/mdigger/pgfmt/conv.go:59.27,61.4 1 1
github.com/mdigger/pgfmt/conv.go:63.3,63.40 1 1
github.com/mdigger/pgfmt/conv.go:66.2,66.27 1 1
github.com/mdigger/pgfmt/conv.go:67.14,68.25 1 1
github.com/mdigger/pgfmt/conv.go:69.14,71.22 2 1
github.com/mdigger/pgfmt/conv.go:71.22,73.4 1 1
github.com/mdigger/pgfmt/conv.go:73.9,75.4 1 1
github.com/mdigger/pgfmt/conv.go:77.3,77.25 1 1
github.com/mdigger/pgfmt/conv.go:78.16,79.19 1 1
github.com/mdigger/pgfmt/conv.go:82.12,83.23 1 1
github.com/mdigger/pgfmt/conv.go:84.12,85.29 1 1
github.com/mdigger/pgfmt/conv.go:86.13,87.29 1 1
github.com/mdigger/pgfmt/conv.go:88.13,89.29 1 1
github.com/mdigger/pgfmt/conv.go:90.13,91.22 1 1
github.com/mdigger/pgfmt/conv.go:92.13,93.31 1 1
github.com/mdigger/pgfmt/conv.go:94.14,95.31 1 1
github.com/mdigger/pgfmt/conv.go:96.14,97.31 1 1
github.com/mdigger/pgfmt/conv.go:98.14,99.23 1 1
github.com/mdigger/pgfmt/conv.go:100.15,101.33 1 1
github.com/mdigger/pgfmt/conv.go:102.15,103.24 1 1
github.com/mdigger/pgfmt/conv.go:105.17,106.27 1 1
github.com/mdigger/pgfmt/conv.go:107.19,108.23 1 1
github.com/mdigger/pgfmt/conv.go:109.19,110.23 1 1
github.com/mdigger/pgfmt/conv.go:111.22,112.26 1 1
github.com/mdigger/pgfmt/conv.go:113.23,114.27 1 1
github.com/mdigger/pgfmt/conv.go:115.19,116.23 1 1
github.com/mdigger/pgfmt/conv.go:119.19,120.17 1 1
github.com/mdigger/pgfmt/conv.go:120.17,122.4 1 1
github.com/mdigger/pgfmt/conv.go:124.3,124.28 1 1
github.com/mdigger/pgfmt/conv.go:125.21,126.17 1 1
github.com/mdigger/pgfmt/conv.go:126.17,128.4 1 1
github.com/mdigger/pgfmt/conv.go:130.3,130.41 1 1
github.com/mdigger/pgfmt/conv.go:131.21,132.17 1 1
github.com/mdigger/pgfmt/conv.go:132.17,134.4 1 1
github.com/mdigger/pgfmt/conv.go:136.3,136.32 1 1
github.com/mdigger/pgfmt/conv.go:137.19,138.17 1 1
github.com/mdigger/pgfmt/conv.go:138.17,140.4 1 1
github.com/mdigger/pgfmt/conv.go:142.3,142.35 1 1
github.com/mdigger/pgfmt/conv.go:143.19,144.17 1 1
github.com/mdigger/pgfmt/conv.go:144.17,146.4 1 1
github.com/mdigger/pgfmt/conv.go:148.3,148.35 1 1
github.com/mdigger/pgfmt/conv.go:149.19,150.17 1 1
github.com/mdigger/pgfmt/conv.go:150.17,152.4 1 1
github.com/mdigger/pgfmt/conv.go:154.3,154.28 1 1
github.com/mdigger/pgfmt/conv.go:155.19,156.17 1 1
github.com/mdigger/pgfmt/conv.go:156.17,158.4 1 1
github.com/mdigger/pgfmt/conv.go:160.3,160.32 1 1
github.com/mdigger/pgfmt/conv.go:161.19,162.17 1 1
github.com/mdigger/pgfmt/conv.go:162.17,164.4 1 1
github.com/mdigger/pgfmt/conv.go:166.3,166.25 1 1
github.com/mdigger/pgfmt/conv.go:167.24,168.58 1 1
github.com/mdigger/pgfmt/conv.go:168.58,170.4 1 1
github.com/mdigger/pgfmt/conv.go:172.3,172.32 1 1
github.com/mdigger/pgfmt/conv.go:173.26,174.58 1 1
github.com/mdigger/pgfmt/conv.go:174.58,176.4 1 1
github.com/mdigger/pgfmt/conv.go:178.3,178.32 1 1
github.com/mdigger/pgfmt/conv.go:180.18,181.22 1 1
github.com/mdigger/pgfmt/conv.go:182.20,183.22 1 1
github.com/mdigger/pgfmt/conv.go:186.21,187.15 1 1
github.com/mdigger/pgfmt/conv.go:187.15,189.4 1 1
github.com/mdigger/pgfmt/conv.go:191.3,191.29 1 1
github.com/mdigger/pgfmt/conv.go:192.21,193.15 1 1
github.com/mdigger/pgfmt/conv.go:193.15,195.4 1 1
github.com/mdigger/pgfmt/conv.go:197.3,197.29 1 1
github.com/mdigger/pgfmt/conv.go:198.21,199.15 1 1
github.com/mdigger/pgfmt/conv.go:199.15,201.4 1 1
github.com/mdigger/pgfmt/conv.go:203.3,203.29 1 1
github.com/mdigger/pgfmt/conv.go:204.23,205.15 1 1
github.com/mdigger/pgfmt/conv.go:205.15,207.4 1 1
github.com/mdigger/pgfmt/conv.go:209.3,209.33 1 1
github.com/mdigger/pgfmt/conv.go:210.21,211.16 1 1
github.com/mdigger/pgfmt/conv.go:211.16,213.4 1 1
github.com/mdigger/pgfmt/conv.go:215.3,215.33 1 1
github.com/mdigger/pgfmt/conv.go:216.26,217.38 1 1
github.com/mdigger/pgfmt/conv.go:218.28,219.38 1 1
github.com/mdigger/pgfmt/conv.go:220.21,221.24 1 1
github.com/mdigger/pgfmt/conv.go:221.24,223.4 1 1
github.com/mdigger/pgfmt/conv.go:225.3,225.29 1 1
github.com/mdigger/pgfmt/conv.go:227.10,228.28 1 1
github.com/mdigger/pgfmt/conv.go:228.28,230.18 2 1
github.com/mdigger/pgfmt/conv.go:230.18,232.5 1 1
github.com/mdigger/pgfmt/conv.go:234.4,234.19 1 1
github.com/mdigger/pgfmt/conv.go:237.3,237.27 1 1
github.com/mdigger/pgfmt/conv.go:242.46,243.65 1 1
github.com/mdigger/pgfmt/conv.go:243.65,245.3 1 1
github.com/mdigger/pgfmt/conv.go:247.2,248.21 2 1
github.com/mdigger/pgfmt/conv.go:248.21,249.35 1 1
github.com/mdigger/pgfmt/conv.go:249.35,251.4 1 1
github.com/mdigger/pgfmt/conv.go:253.3,253.10 1 1
github.com/mdigger/pgfmt/conv.go:256.2,256.12 1 1
github.com/mdigger/pgfmt/conv.go:260.42,261.35 1 1
github.com/mdigger/pgfmt/conv.go:261.35,262.10 1 1
github.com/mdigger/pgfmt/conv.go:262.10,264.4 1 1
github.com/mdigger/pgfmt/conv.go:266.3,266.23 1 1
github.com/mdigger/pgfmt/conv.go:269.2,269.9 1 1
github.com/mdigger/pgfmt/conv.go:269.9,271.3 1 1
github.com/mdigger/pgfmt/conv.go:273.2,273.16 1 1
github.com/mdigger/pgfmt/conv.go:277.42,279.2 1 1
github.com/mdigger/pgfmt/conv.go:282.44,284.2 1 1
github.com/mdigger/pgfmt/conv.go:288.46,289.43 1 1
github.com/mdigger/pgfmt/conv.go:289.43,291.3 1 1
github.com/mdigger/pgfmt/conv.go:293.2,295.63 2 1
github.com/mdigger/pgfmt/conv.go:295.63,297.3 1 1
github.com/mdigger/pgfmt/conv.go:298.2,298.12 1 1
github.com/mdigger/pgfmt/conv.go:302.51,303.18 1 1
github.com/mdigger/pgfmt/conv.go:303.18,305.3 1 1
github.com/mdigger/pgfmt/conv.go:307.2,308.18 2 1
github.com/mdigger/pgfmt/conv.go:308.18,310.3 1 1
github.com/mdigger/pgfmt/conv.go:312.2,312.35 1 1
github.com/mdigger/pgfmt/conv.go:316.49,317.16 1 1
github.com/mdigger/pgfmt/conv.go:317.16,319.3 1 1
github.com/mdigger/pgfmt/conv.go:321.2,324.18 3 1
github.com/mdigger/pgfmt/conv.go:324.18,326.3 1 1
github.com/mdigger/pgfmt/conv.go:328.2,328.31 1 1
github.com/mdigger/pgfmt/conv.go:332.49,333.57 1 1
github.com/mdigger/pgfmt/conv.go:333.57,335.3 1 1
github.com/mdigger/pgfmt/conv.go:337.2,338.18 2 1
github.com/mdigger/pgfmt/conv.go:338.18,340.3 1 1
github.com/mdigger/pgfmt/conv.go:342.2,342.32 1 1
github.com/mdigger/pgfmt/conv.go:346.55,347.68 1 1
github.com/mdigger/pgfmt/conv.go:347.68,349.3 1 1
github.com/mdigger/pgfmt/conv.go:351.2,352.31 2 1
github.com/mdigger/pgfmt/conv.go:352.31,353.64 1 1
github.com/mdigger/pgfmt/conv.go:353.64,355.4 1 1
github.com/mdigger/pgfmt/conv.go:357.3,357.13 1 1
github.com/mdigger/pgfmt/conv.go:360.2,360.17 1 0
github.com/mdigger/pgfmt/conv.go:364.57,365.16 1 1
github.com/mdigger/pgfmt/conv.go:365.16,367.3 1 1
github.com/mdigger/pgfmt/conv.go:369.2,373.20 4 1
github.com/mdigger/pgfmt/conv.go:373.20,376.3 2 1
github.com/mdigger/pgfmt/conv.go:378.2,384.21 6 1
github.com/mdigger/pgfmt/conv.go:384.21,387.3 2 1
github.com/mdigger/pgfmt/conv.go:389.2,389.62 1 1
github.com/mdigger/pgfmt/conv.go:389.62,391.3 1 1
github.com/mdigger/pgfmt/conv.go:393.2,393.46 1 1
github.com/mdigger/pgfmt/conv.go:393.46,394.13 1 1
github.com/mdigger/pgfmt/conv.go:394.13,396.4 1 1
github.com/mdigger/pgfmt/conv.go:398.3,398.37 1 1
github.com/mdigger/pgfmt/conv.go:400.2,406.20 6 1
github.com/mdigger/pgfmt/conv.go:410.49,411.16 1 1
github.com/mdigger/pgfmt/conv.go:411.16,413.3 1 1
github.com/mdigger/pgfmt/conv.go:415.2,416.25 2 1
github.com/mdigger/pgfmt/conv.go:416.25,420.52 3 1
github.com/mdigger/pgfmt/conv.go:420.52,422.4 1 1
github.com/mdigger/pgfmt/conv.go:422.9,424.4 1 1
github.com/mdigger/pgfmt/conv.go:427.2,427.20 1 1
github.com/mdigger/pgfmt/conv.go:431.47,433.25 2 1
github.com/mdigger/pgfmt/conv.go:433.25,435.3 1 1
github.com/mdigger/pgfmt/conv.go:437.2,439.43 2 1
github.com/mdigger/pgfmt/conv.go:439.43,440.32 1 1
github.com/mdigger/pgfmt/conv.go:440.32,442.4 1 1
github.com/mdigger/pgfmt/conv.go:444.3,444.14 1 1
github.com/mdigger/pgfmt/conv.go:447.2,447.13 1 1
github.com/mdigger/pgfmt/conv.go:452.45,458.21 4 1
github.com/mdigger/pgfmt/conv.go:458.21,460.51 2 1
github.com/mdigger/pgfmt/conv.go:460.51,462.4 1 1
github.com/mdigger/pgfmt/conv.go:462.9,464.4 1 0
github.com/mdigger/pgfmt/conv.go:468.2,468.70 1 1
github.com/mdigger/pgfmt/conv.go:468.70,469.24 1 1
github.com/mdigger/pgfmt/conv.go:469.24,475.4 1 0
github.com/mdigger/pgfmt/conv.go:479.2,480.90 2 1
github.com/mdigger/pgfmt/conv.go:480.90,482.17 2 1
github.com/mdigger/pgfmt/conv.go:482.17,484.4 1 1
github.com/mdigger/pgfmt/conv.go:487.2,487.24 1 1
github.com/mdigger/pgfmt/conv.go:494.29,496.2 1 0
github.com/mdigger/pgfmt/conv.go:500.26,500.27 0 0
github.com/mdigger/pgfmt/conv.go:501.26,501.27 0 0
github.com/mdigger/pgfmt/handler.go:31.89,34.36 2 1
github.com/mdigger/pgfmt/handler.go:34.36,36.3 1 1
github.com/mdigger/pgfmt/handler.go:38.2,38.58 1 1
github.com/mdigger/pgfmt/handler.go:38.58,47.34 6 1
github.com/mdigger/pgfmt/handler.go:47.34,48.47 1 1
github.com/mdigger/pgfmt/handler.go:48.47,53.5 3 1
github.com/mdigger/pgfmt/handler.go:53.10,56.5 1 1
github.com/mdigger/pgfmt/handler.go:59.3,59.19 1 1
github.com/mdigger/pgfmt/handler.go:59.19,61.18 2 1
github.com/mdigger/pgfmt/handler.go:61.18,63.5 1 0
github.com/mdigger/pgfmt/handler.go:65.4,68.18 3 1
github.com/mdigger/pgfmt/handler.go:68.18,70.5 1 1
github.com/mdigger/pgfmt/handler.go:73.3,73.20 1 1
github.com/mdigger/pgfmt/uuid.go:6.33,19.2 11 1
github.com/mdigger/pgfmt/writer.go:18.89,20.56 1 1
github.com/mdigger/pgfmt/writer.go:20.56,21.28 1 1
github.com/mdigger/pgfmt/writer.go:21.28,23.4 1 1
github.com/mdigger/pgfmt/writer.go:27.2,27.48 1 1
github.com/mdigger/pgfmt/writer.go:27.48,28.48 1 1
github.com/mdigger/pgfmt/writer.go:28.48,30.4 1 1
github.com/mdigger/pgfmt/writer.go:38.46,40.2 1 1
